RAM Allocation
Variable                                                          Address   Size
--------------------------------------------------------------------------------
dvi                                                               0x0160       2
nhietdo                                                           0x0162       4
ADC_out                                                           0x0166       4

EEPROM Allocation
Variable                                                          Address   Size
--------------------------------------------------------------------------------

Register Allocation
Variable                                                          Register  Size
--------------------------------------------------------------------------------
i                                                                 R4,R5        2
l                                                                 R6,R7        2
time1                                                             R8,R9        2
time2                                                             R10,R11      2
chuc                                                              R12,R13      2
